Crooked Lane Book Nook -- verification

[params] tolerance sanity
  ok    lead-in 0.5, clearances 0.25/0.2, crush rib 0.3

[envelope] the numbers hang together
  ok    height 240.0 = plinth 24.0 + cavity 213.8 + top 2.2
  ok    alley narrows 74.9 -> 65.7
  ok    chassis 94.9 slides into cavity 95.6

[light] emitter concealment
  ok    bead pocket 3.2 fits the 5.0 rib
  ok    wire channel 3.0x3.0 fits the rib
  ok    RIB_GAP 2.5 clears the 1.5 mm peg overhang

[keying] wrong-way-round rejection
  ok    P1: seats one way only (wrong way fouls by 0.69 mm^3)
  ok    P2: seats one way only (wrong way fouls by 4.00 mm^3)

[fit] real parts against a real wall
  ok    13A P2 keyed pair, sash window: clears the bore, grip 1.44 mm^3
  ok    19C P1 micro peg, wall ornament: clears the bore, grip 0.26 mm^3
  ok    11A T3 tongue, projecting bay: clears the bore, detent retained

[fit] all 119 facade parts against their walls
  ok    all facade parts clear their walls (no interference anywhere)

[build] manifest
  ok    218 parts, all single-solid and all inside the build volume
        1590 g PLA total across 218 parts

0 failures, 0 warnings
