     00 Chassis_Base_Pan                     0.9s   94.9x 197.1x  15.0  124.9 g
     01 L_Wall_Face                         19.1s  203.1x 193.1x   3.1  105.5 g
    01R L_Wall_Rib                           2.6s  203.1x 197.1x  10.0   59.7 g
     02 R_Wall_Face                         24.2s  203.1x 193.1x   3.1  108.2 g
    02R R_Wall_Rib                           3.2s  203.1x 197.1x  10.0   61.8 g
    03A Rear_Perspective_Block               1.2s   65.7x 170.0x  22.2   60.5 g
    03B Rear_Archway                         0.4s   38.0x  42.0x   9.0    5.8 g
    03C Rear_Silhouette                      0.4s   70.0x  48.3x   5.1    4.9 g
    03D Rear_Glow_Frame                      0.3s   78.0x  87.5x  20.1   36.4 g
    03E Sky_Puck_Cradle                      0.1s   68.7x  68.7x  11.7   17.7 g
    03F Sky_Diffuser                         0.0s   72.0x  80.0x   0.8    5.7 g
     04 Cobblestone_Floor                   33.4s   74.9x 151.2x   6.0   61.2 g
    04B Gutter_L                             0.4s    4.0x 150.6x   6.1    1.9 g
    04C Gutter_R                             0.3s    4.0x 150.6x   6.1    1.9 g
     05 Ceiling_Baffle                       0.5s   78.9x 150.1x  15.5   22.0 g
     06 Front_Bezel_L                        2.4s   15.4x 203.1x   9.7   15.9 g
     07 Front_Bezel_R                        2.4s   15.4x 203.1x   9.7   16.3 g
     08 Front_Arch_Header                    0.6s   82.9x  10.7x  22.0   14.5 g
     09 Chassis_Rear_Wall                    0.2s   74.9x 182.8x   6.0   42.4 g
    10B L_L1_Bow_Window                      0.0s   37.8x  43.4x  16.0    4.1 g
   10Bg L_L1_Bow_Window_Glazing              0.0s   27.6x  23.8x   0.8    0.7 g
   10Bd L_L1_Bow_Window_Diffuser             0.0s   29.1x  25.5x   0.8    0.7 g
   10Bc L_L1_Bow_Window_Cornice              0.0s   45.8x   3.2x   6.5    0.6 g
    10E L_L1_Stallriser                      0.0s   37.8x   9.4x   6.0    1.0 g
    10D L_L1_Cornice                         0.0s   45.8x   3.0x   5.5    0.4 g
    10G L_L1_Door                            0.0s   19.3x  38.6x   6.8    1.8 g
   10Gf L_L1_Door_Frame                      0.0s   25.7x  42.4x   6.4    1.1 g
   10Gl L_L1_Door_Fanlight                   0.0s   18.1x   5.3x   5.9    0.2 g
    19A L_L_Quoin_Front                      0.0s    8.6x  69.6x   6.1    1.4 g
    11A L_L2_Bay_Window_Body                 0.0s   23.8x  31.7x  12.8    2.9 g
   11Ag L_L2_Bay_Window_Glazing              0.0s   16.0x  18.7x   0.8    0.3 g
   11Ar L_L2_Bay_Window_Roof                 0.0s   26.8x   4.6x  15.3    0.7 g
   11Ac L_L2_Bay_Window_Corbel               0.0s    5.5x   7.0x   7.2    0.2 g
    11J L_L2_Awning                          0.0s   23.8x   9.0x   9.8    0.4 g
    11F L_L2_Door                            0.0s   13.1x  26.2x   6.8    0.9 g
   11Ff L_L2_Door_Frame                      0.0s   19.5x  30.0x   5.9    0.7 g
   11Fl L_L2_Door_Fanlight                   0.0s   12.3x   4.4x   5.9    0.1 g
    11K L_L2_Fascia                          0.0s   27.8x   8.6x   7.3    0.7 g
    12A L_L3_Shop_Window_Frame               0.0s   21.7x  23.0x   6.3    0.8 g
   12Ag L_L3_Shop_Window_Glazing             0.0s   16.9x  18.2x   0.8    0.3 g
   12Al L_L3_Shop_Window_Lintel              0.0s   23.7x   2.0x   5.5    0.1 g
    12D L_L3_Stallriser                      0.0s   15.7x   4.6x   5.5    0.2 g
    12G L_L3_Door                            0.0s    8.5x  15.7x   6.8    0.4 g
   12Gf L_L3_Door_Frame                      0.0s   14.9x  19.5x   5.9    0.5 g
    13A L_L_Window_A_Frame                   0.0s   27.0x  34.7x   6.8    1.3 g
   13Ag L_L_Window_A_Glazing                 0.0s   22.2x  29.9x   0.8    0.7 g
   13As L_L_Window_A_Sill                    0.0s   27.0x   2.6x   7.3    0.3 g
    13B L_L_Window_B_Frame                   0.0s   23.4x  30.4x   6.8    1.1 g
   13Bg L_L_Window_B_Glazing                 0.0s   18.6x  25.6x   0.8    0.5 g
   13Bs L_L_Window_B_Sill                    0.0s   23.4x   2.6x   7.0    0.2 g
    12B L_L_Oriel_Body                       0.0s   18.9x  23.6x  10.4    1.8 g
   12Bg L_L_Oriel_Glazing                    0.0s   12.9x  14.2x   0.8    0.2 g
   12Br L_L_Oriel_Roof                       0.0s   21.9x   4.6x  12.9    0.5 g
   12Bc L_L_Oriel_Corbel                     0.0s    5.5x   5.2x   7.1    0.2 g
    13C L_L_Window_C_Frame                   0.0s   18.6x  22.8x   6.3    0.7 g
   13Cg L_L_Window_C_Glazing                 0.0s   13.8x  18.0x   0.8    0.2 g
   13Cs L_L_Window_C_Sill                    0.0s   18.6x   2.6x   6.3    0.2 g
    13D L_L_Window_D_Frame                   0.0s   15.4x  18.5x   6.3    0.5 g
   13Dg L_L_Window_D_Glazing                 0.0s   10.6x  13.7x   0.8    0.1 g
   13Ds L_L_Window_D_Sill                    0.0s   15.4x   2.6x   6.0    0.1 g
    13E L_L_Window_E_Frame                   0.0s   24.7x  30.3x   6.8    1.1 g
   13Eg L_L_Window_E_Glazing                 0.0s   19.9x  25.5x   0.8    0.5 g
   13Es L_L_Window_E_Sill                    0.0s   24.7x   2.6x   7.2    0.3 g
    13F L_L_Window_F_Frame                   0.0s   20.9x  25.9x   6.3    0.8 g
   13Fg L_L_Window_F_Glazing                 0.0s   16.1x  21.1x   0.8    0.3 g
   13Fs L_L_Window_F_Sill                    0.0s   20.9x   2.6x   6.8    0.2 g
    13G L_L_Window_G_Frame                   0.0s   16.8x  20.4x   6.3    0.6 g
   13Gg L_L_Window_G_Glazing                 0.0s   12.0x  15.6x   0.8    0.2 g
   13Gs L_L_Window_G_Sill                    0.0s   16.8x   2.6x   6.4    0.2 g
    14A L_L_Attic_Dormer_Frame               0.0s   20.4x  24.0x   6.3    0.6 g
   14Ag L_L_Attic_Dormer_Glazing             0.0s   15.6x  19.2x   0.8    0.3 g
   14As L_L_Attic_Dormer_Sill                0.0s   20.4x   2.6x   7.1    0.2 g
    14B L_L_Attic_B_Frame                    0.0s   15.8x  18.1x   6.3    0.4 g
   14Bg L_L_Attic_B_Glazing                  0.0s   11.0x  13.3x   0.8    0.1 g
   14Bs L_L_Attic_B_Sill                     0.0s   15.8x   2.6x   6.5    0.2 g
    15A L_L_Drainpipe_Lower                  0.0s    4.3x  91.6x   6.1    0.8 g
    15B L_L_Drainpipe_Upper                  0.0s    3.7x  63.3x   5.7    0.4 g
    15C L_L_Hopper                           0.0s    6.7x   6.3x   7.6    0.1 g
    17A L_L_Cornice_Front                    0.0s   78.0x   6.0x   8.5    2.2 g
    17B L_L_Cornice_Rear                     0.0s   70.0x   4.7x   7.4    1.2 g
    18A L_L_Chimney                          0.0s   13.8x  23.5x  14.3    2.7 g
    19B L_L_Keystone                         0.0s    6.9x   5.5x   5.7    0.1 g
    19C L_L_Wall_Plaque                      0.0s   11.0x   8.2x   6.4    0.2 g
    20B R_R1_Arched_Door                     0.0s   21.0x  43.9x   6.8    2.1 g
   20Bf R_R1_Arched_Door_Frame               0.0s   27.4x  47.7x   6.4    1.1 g
    20E R_R1_Tall_Window_Frame               0.0s   23.7x  41.3x   6.8    1.3 g
   20Eg R_R1_Tall_Window_Glazing             0.0s   18.9x  36.5x   0.8    0.7 g
   20Es R_R1_Tall_Window_Sill                0.0s   23.7x   2.6x   7.0    0.3 g
    20G R_R1_Door_Keystone                   0.0s   11.5x   7.6x   6.6    0.2 g
    29A R_R_Quoin_Front                      0.0s    8.6x  69.6x   6.1    1.4 g
    21B R_R2_Shop_Window_Frame               0.0s   33.2x  31.6x   6.8    1.2 g
   21Bg R_R2_Shop_Window_Glazing             0.0s   28.4x  26.8x   0.8    0.8 g
   21Bl R_R2_Shop_Window_Lintel              0.0s   35.2x   2.4x   5.5    0.2 g
    21D R_R2_Pilaster_Left                   0.0s    7.9x  37.4x   8.0    0.8 g
    21E R_R2_Pilaster_Right                  0.0s    7.3x  33.0x   7.6    0.6 g
    21F R_R2_Fascia                          0.0s   34.0x   9.0x   7.8    0.9 g
    21G R_R2_Stallriser                      0.0s   27.2x   6.4x   6.0    0.5 g
    22A R_R3_Shop_Window_Frame               0.0s   20.6x  22.0x   6.3    0.7 g
   22Ag R_R3_Shop_Window_Glazing             0.0s   15.8x  17.2x   0.8    0.3 g
   22Al R_R3_Shop_Window_Lintel              0.0s   22.6x   2.0x   5.5    0.1 g
    22D R_R3_Door                            0.0s    8.0x  14.8x   6.8    0.3 g
   22Df R_R3_Door_Frame                      0.0s   14.4x  18.6x   5.9    0.5 g
    24A R_R_Bay_Window_Body                  0.0s   23.8x  31.2x  13.5    2.9 g
   24Ag R_R_Bay_Window_Glazing               0.0s   16.0x  18.3x   0.8    0.3 g
   24Ar R_R_Bay_Window_Roof                  0.0s   26.8x   4.6x  16.0    0.8 g
   24Ac R_R_Bay_Window_Corbel                0.0s    5.9x   6.9x   7.5    0.2 g
    23A R_R_Window_A_Frame                   0.0s   22.5x  29.2x   6.8    1.1 g
   23Ag R_R_Window_A_Glazing                 0.0s   17.7x  24.4x   0.8    0.4 g
   23As R_R_Window_A_Sill                    0.0s   22.5x   2.6x   6.8    0.2 g
    23B R_R_Window_B_Frame                   0.0s   18.5x  23.0x   6.3    0.7 g
   23Bg R_R_Window_B_Glazing                 0.0s   13.7x  18.2x   0.8    0.2 g
   23Bs R_R_Window_B_Sill                    0.0s   18.5x   2.6x   6.5    0.2 g
    23C R_R_Window_C_Frame                   0.0s   15.2x  18.4x   6.3    0.5 g
   23Cg R_R_Window_C_Glazing                 0.0s   10.4x  13.6x   0.8    0.1 g
   23Cs R_R_Window_C_Sill                    0.0s   15.2x   2.6x   6.1    0.1 g
    23D R_R_Window_D_Frame                   0.0s   24.9x  30.5x   6.8    1.2 g
   23Dg R_R_Window_D_Glazing                 0.0s   20.1x  25.7x   0.8    0.5 g
   23Ds R_R_Window_D_Sill                    0.0s   24.9x   2.6x   7.3    0.3 g
    23E R_R_Window_E_Frame                   0.0s   20.3x  25.3x   6.3    0.8 g
   23Eg R_R_Window_E_Glazing                 0.0s   15.5x  20.5x   0.8    0.3 g
   23Es R_R_Window_E_Sill                    0.0s   20.3x   2.6x   6.9    0.2 g
    23F R_R_Window_F_Frame                   0.0s   16.3x  19.9x   6.3    0.5 g
   23Fg R_R_Window_F_Glazing                 0.0s   11.5x  15.1x   0.8    0.2 g
   23Fs R_R_Window_F_Sill                    0.0s   16.3x   2.6x   6.4    0.2 g
    23G R_R_Attic_A_Frame                    0.0s   19.2x  22.7x   6.3    0.6 g
   23Gg R_R_Attic_A_Glazing                  0.0s   14.4x  17.9x   0.8    0.2 g
   23Gs R_R_Attic_A_Sill                     0.0s   19.2x   2.6x   7.0    0.2 g
    23H R_R_Attic_B_Frame                    0.0s   14.8x  17.0x   6.3    0.4 g
   23Hg R_R_Attic_B_Glazing                  0.0s   10.0x  12.2x   0.8    0.1 g
   23Hs R_R_Attic_B_Sill                     0.0s   14.8x   2.6x   6.4    0.1 g
    25A R_R_Drainpipe_Lower                  0.0s    3.4x  74.9x   5.6    0.4 g
    25B R_R_Drainpipe_Upper                  0.0s    2.9x  52.7x   5.2    0.2 g
    25C R_R_Hopper                           0.0s    4.9x   4.6x   6.5    0.1 g
    27A R_R_Cornice_Front                    0.0s   76.0x   6.0x   8.5    2.2 g
    27B R_R_Cornice_Rear                     0.0s   72.0x   4.7x   7.4    1.3 g
    28A R_R_Chimney                          0.0s   10.3x  15.6x  11.7    1.0 g
    29B R_R_Keystone                         0.0s    6.0x   4.7x   5.6    0.1 g
    29C R_R_Guild_Badge                      0.0s    8.7x   6.3x   6.0    0.1 g
    30A Sign_Vertical_Banner                 0.1s   12.8x  47.3x   6.5    1.2 g
    30B Sign_Swing_A                         0.1s   26.1x  14.9x   2.3    0.7 g
    30C Sign_Swing_B                         0.1s   21.6x  13.3x   2.3    0.5 g
    30D Sign_Shield_A                        0.1s   14.8x  14.3x   6.3    0.5 g
    30E Sign_Fascia_Long                     0.2s   31.5x   6.4x   5.8    0.5 g
    30F Sign_Directional                     0.1s   14.6x   4.7x   5.8    0.2 g
   30G1 Sign_Lozenge_1                       0.1s   10.6x   4.3x   5.8    0.1 g
   30G2 Sign_Lozenge_2                       0.1s   10.6x   4.3x   5.8    0.1 g
   30G3 Sign_Lozenge_3                       0.1s    9.9x   4.3x   5.8    0.1 g
   30G4 Sign_Lozenge_4                       0.1s    9.9x   4.3x   5.8    0.1 g
    30H Sign_Small_Rear_A                    0.0s    9.8x   7.9x   2.3    0.1 g
    30J Sign_Fascia_L2                       0.4s   25.6x   5.3x   5.8    0.3 g
    30K Sign_Blank_Swing                     0.0s   26.0x  16.0x   1.8    0.8 g
    30L Sign_Blank_Shield                    0.0s   19.0x  19.0x   6.3    0.7 g
    30M Sign_Blank_Lozenge                   0.0s   15.0x   6.0x   5.3    0.2 g
    30N Sign_Blank_Fascia                    0.0s   38.0x   8.0x   5.3    0.7 g
    31A Bracket_Scroll_A                     0.0s   17.4x   2.6x  17.6    0.4 g
    31B Bracket_Scroll_B                     0.0s   15.7x   2.6x  15.7    0.3 g
    31C Bracket_Scroll_C                     0.0s   12.8x   2.6x  12.6    0.2 g
    31D Bracket_Scroll_D                     0.0s    8.6x   2.6x   8.2    0.1 g
    32A Sign_Hanging_Chain_A                 0.0s    5.0x  13.6x   1.7    0.0 g
    32B Sign_Hanging_Chain_B                 0.0s    5.0x   9.4x   1.7    0.0 g
    32C Sign_Rail_Hook                       0.0s    5.5x   4.0x  11.5    0.1 g
    33A Lantern_Large                        0.0s   16.7x  11.2x  18.3    0.7 g
    34A Lantern_Small                        0.0s   15.1x   8.1x  13.2    0.4 g
    34C Lantern_Rear_Tiny                    0.0s   13.6x   7.4x   8.7    0.2 g
    35A Barrel_Large                         0.1s   14.0x  14.0x  17.0    2.7 g
    35B Barrel_Small                         0.1s   10.8x  10.8x  13.0    1.2 g
    36A Crate_Stack                          0.0s   13.0x  11.1x  16.0    0.8 g
    36B Crate_Single                         0.0s    9.0x   8.0x   7.0    0.3 g
    37A Cauldron_Stack                       0.5s   21.1x  13.1x  10.3    1.1 g
    37B Broom_Rack                           0.0s   14.5x  26.0x   4.7    0.6 g
    37C Post_Box                             0.0s   10.4x   9.4x  17.4    1.5 g
    38A Notice_Board                         0.0s   22.0x  17.0x   5.5    0.7 g
    38B Poster_Layer                         0.0s   16.5x   9.7x   0.8    0.1 g
    39A Kerb_Step                            0.0s   18.0x   6.0x   3.0    0.4 g
    39B Cellar_Hatch                         0.0s   14.0x  11.0x   2.0    0.4 g
    39C Boot_Scraper                         0.0s   10.5x   2.0x   6.0    0.1 g
    40A Light_Baffle_A                       0.0s   12.0x  14.0x   6.0    0.6 g
    40B Light_Baffle_B                       0.0s   14.0x  16.0x   6.0    0.7 g
    40C Light_Baffle_C                       0.0s   10.0x  12.0x   5.0    0.4 g
    40D Light_Baffle_D                       0.0s   16.0x  18.0x   7.0    1.0 g
    40E Light_Baffle_E                       0.0s    9.0x  10.0x   5.0    0.3 g
    40F Light_Baffle_F                       0.0s   18.0x  20.0x   7.0    1.1 g
    45A Coil_Bay_Cover_A                     0.0s   33.4x  45.4x   4.7    2.3 g
    45B Coil_Bay_Cover_B                     0.0s   33.4x  45.4x   4.7    2.3 g
    45C Coil_Bay_Cover_C                     0.0s   33.4x  45.4x   4.7    2.3 g
     43 Bus_Cover                            0.0s   80.9x   9.5x   4.9    1.4 g
     44 Wire_Clip_x12                        0.0s   96.0x   8.8x   3.8    1.0 g
     46 Bead_Shim_x8                         0.0s   56.0x   9.1x   1.0    0.2 g
     47 String_Entry_Grommet_x4              0.0s   40.0x  11.0x   3.0    0.5 g
     50 Outer_Left                           0.1s  200.0x 213.8x   5.2  121.1 g
     51 Outer_Right                          0.1s  200.0x 213.8x   5.2  121.1 g
     52 Outer_Top                            0.1s  100.0x 200.0x   9.4   61.2 g
     53 Outer_Back                           0.2s   96.9x 213.3x   4.0   54.0 g
     54 Plinth_Body                          0.5s  100.0x 200.0x  28.0  224.5 g
     55 Power_Drawer                         0.1s   86.0x 150.0x  18.0   41.7 g
     56 Drawer_Face                          0.1s   92.0x  23.0x   6.5    7.5 g
     57 Batt_Cradle_x2                       0.0s   31.2x  67.2x   9.4    6.4 g
    58A Case_Spine_Trim_L                    0.1s    4.0x 213.8x   7.5    3.5 g
    58B Case_Spine_Trim_R                    0.1s    4.0x 213.8x   7.5    3.5 g
     59 Case_Clip_x6                         0.0s   20.0x   8.0x   2.9    0.2 g
    59G Foot_Pad_x4                          0.0s    9.1x   9.1x   3.6    0.3 g
     60 Switch_Housing                       0.1s   34.0x  17.0x  24.0    3.9 g
     61 Switch_Cover                         0.0s   33.4x  23.4x   5.0    2.4 g
    62A Switch_Bezel_Rocker                  0.1s   26.0x  18.0x   5.5    0.5 g
    62B Switch_Bezel_Slide                   0.1s   26.0x  18.0x   5.5    1.0 g
    62C Switch_Bezel_Button                  0.1s   26.0x  18.0x   5.5    0.9 g
    62D Switch_Bezel_Blank                   0.1s   26.0x  18.0x   5.5    1.2 g
     63 Jack_Plate_DC                        0.1s   26.0x  18.0x   5.5    1.1 g
     64 Strain_Relief                        0.2s   26.0x  14.0x  12.9    1.6 g
     65 Remote_Clip                          0.2s   44.0x  15.5x  14.0    3.9 g
    70A Tolerance_Test_Coupon                0.5s  104.0x  34.0x   6.5   25.5 g
    70B Tolerance_Test_Pegs                  0.1s   98.0x  24.0x   8.0    9.7 g
     72 Paint_Handle_Sprue                   0.2s  120.0x  12.3x  21.5   14.4 g
     73 Assembly_ID_Card                     1.3s   90.0x  55.0x   2.1   10.0 g
    71A Glazing_Cut_Template_A               0.0s   34.0x  42.0x   1.6    0.9 g
    71B Glazing_Cut_Template_B               0.0s   42.0x  40.0x   1.6    1.0 g
    71C Glazing_Cut_Template_C               0.0s   32.0x  34.0x   1.6    0.8 g
    71D Glazing_Cut_Template_D               0.0s   28.0x  48.0x   1.6    0.9 g
/usr/local/lib/python3.11/dist-packages/cadquery/utils.py:82: FutureWarning: save will be removed in the next release.
  warn(f"{f.__name__} will be removed in the next release.", FutureWarning)
  previews -> /home/user/3D-Prints/diagon-alley-book-nook/out/preview

218 parts built, 0 failed, 1602 g PLA total, 142s
  STLs -> /home/user/3D-Prints/diagon-alley-book-nook/out/stl
